Archive member included to satisfy reference by file (symbol)

c:/program files (x86)/atmel/studio/7.0/toolchain/avr8/avr8-gnu-toolchain/bin/../lib/gcc/avr/5.4.0/avr5\libgcc.a(_exit.o)
                              C:/Program Files (x86)/Atmel/Studio/7.0/Packs/atmel/ATmega_DFP/1.6.364/gcc/dev/atmega32a/avr5/crtatmega32a.o (exit)
c:/program files (x86)/atmel/studio/7.0/toolchain/avr8/avr8-gnu-toolchain/bin/../lib/gcc/avr/5.4.0/avr5\libgcc.a(_clear_bss.o)
                              APPLICATION/app.o (__do_clear_bss)

Discarded input sections

 .data          0x00000000        0x0 C:/Program Files (x86)/Atmel/Studio/7.0/Packs/atmel/ATmega_DFP/1.6.364/gcc/dev/atmega32a/avr5/crtatmega32a.o
 .bss           0x00000000        0x0 C:/Program Files (x86)/Atmel/Studio/7.0/Packs/atmel/ATmega_DFP/1.6.364/gcc/dev/atmega32a/avr5/crtatmega32a.o
 .text          0x00000000        0x0 APPLICATION/app.o
 .data          0x00000000        0x0 APPLICATION/app.o
 .bss           0x00000000        0x0 APPLICATION/app.o
 .text          0x00000000        0x0 HAL/BUTTON/button.o
 .data          0x00000000        0x0 HAL/BUTTON/button.o
 .bss           0x00000000        0x0 HAL/BUTTON/button.o
 .text.BUTTON_GET
                0x00000000        0x6 HAL/BUTTON/button.o
 .text          0x00000000        0x0 HAL/LED/led.o
 .data          0x00000000        0x0 HAL/LED/led.o
 .bss           0x00000000        0x0 HAL/LED/led.o
 .text.case_Normal
                0x00000000       0x3e HAL/LED/led.o
 .text          0x00000000        0x0 main.o
 .data          0x00000000        0x0 main.o
 .bss           0x00000000        0x0 main.o
 .text          0x00000000        0x0 MCAL/DIO/DIO.o
 .data          0x00000000        0x0 MCAL/DIO/DIO.o
 .bss           0x00000000        0x0 MCAL/DIO/DIO.o
 .text          0x00000000        0x0 MCAL/INTERRUPT/interrupt.o
 .data          0x00000000        0x0 MCAL/INTERRUPT/interrupt.o
 .bss           0x00000000        0x0 MCAL/INTERRUPT/interrupt.o
 .text.General_Int_Disable
                0x00000000        0x8 MCAL/INTERRUPT/interrupt.o
 .text.CLOSE_INT0
                0x00000000        0x8 MCAL/INTERRUPT/interrupt.o
 .text          0x00000000        0x0 MCAL/TIMER/timer.o
 .data          0x00000000        0x0 MCAL/TIMER/timer.o
 .bss           0x00000000        0x0 MCAL/TIMER/timer.o
 .text.TIMER0_blink
                0x00000000       0x22 MCAL/TIMER/timer.o
 .text.Timer0_Stop
                0x00000000       0x14 MCAL/TIMER/timer.o
 .text          0x00000000        0x0 c:/program files (x86)/atmel/studio/7.0/toolchain/avr8/avr8-gnu-toolchain/bin/../lib/gcc/avr/5.4.0/avr5\libgcc.a(_exit.o)
 .data          0x00000000        0x0 c:/program files (x86)/atmel/studio/7.0/toolchain/avr8/avr8-gnu-toolchain/bin/../lib/gcc/avr/5.4.0/avr5\libgcc.a(_exit.o)
 .bss           0x00000000        0x0 c:/program files (x86)/atmel/studio/7.0/toolchain/avr8/avr8-gnu-toolchain/bin/../lib/gcc/avr/5.4.0/avr5\libgcc.a(_exit.o)
 .text.libgcc.mul
                0x00000000        0x0 c:/program files (x86)/atmel/studio/7.0/toolchain/avr8/avr8-gnu-toolchain/bin/../lib/gcc/avr/5.4.0/avr5\libgcc.a(_exit.o)
 .text.libgcc.div
                0x00000000        0x0 c:/program files (x86)/atmel/studio/7.0/toolchain/avr8/avr8-gnu-toolchain/bin/../lib/gcc/avr/5.4.0/avr5\libgcc.a(_exit.o)
 .text.libgcc   0x00000000        0x0 c:/program files (x86)/atmel/studio/7.0/toolchain/avr8/avr8-gnu-toolchain/bin/../lib/gcc/avr/5.4.0/avr5\libgcc.a(_exit.o)
 .text.libgcc.prologue
                0x00000000        0x0 c:/program files (x86)/atmel/studio/7.0/toolchain/avr8/avr8-gnu-toolchain/bin/../lib/gcc/avr/5.4.0/avr5\libgcc.a(_exit.o)
 .text.libgcc.builtins
                0x00000000        0x0 c:/program files (x86)/atmel/studio/7.0/toolchain/avr8/avr8-gnu-toolchain/bin/../lib/gcc/avr/5.4.0/avr5\libgcc.a(_exit.o)
 .text.libgcc.fmul
                0x00000000        0x0 c:/program files (x86)/atmel/studio/7.0/toolchain/avr8/avr8-gnu-toolchain/bin/../lib/gcc/avr/5.4.0/avr5\libgcc.a(_exit.o)
 .text.libgcc.fixed
                0x00000000        0x0 c:/program files (x86)/atmel/studio/7.0/toolchain/avr8/avr8-gnu-toolchain/bin/../lib/gcc/avr/5.4.0/avr5\libgcc.a(_exit.o)
 .text          0x00000000        0x0 c:/program files (x86)/atmel/studio/7.0/toolchain/avr8/avr8-gnu-toolchain/bin/../lib/gcc/avr/5.4.0/avr5\libgcc.a(_clear_bss.o)
 .data          0x00000000        0x0 c:/program files (x86)/atmel/studio/7.0/toolchain/avr8/avr8-gnu-toolchain/bin/../lib/gcc/avr/5.4.0/avr5\libgcc.a(_clear_bss.o)
 .bss           0x00000000        0x0 c:/program files (x86)/atmel/studio/7.0/toolchain/avr8/avr8-gnu-toolchain/bin/../lib/gcc/avr/5.4.0/avr5\libgcc.a(_clear_bss.o)
 .text.libgcc.mul
                0x00000000        0x0 c:/program files (x86)/atmel/studio/7.0/toolchain/avr8/avr8-gnu-toolchain/bin/../lib/gcc/avr/5.4.0/avr5\libgcc.a(_clear_bss.o)
 .text.libgcc.div
                0x00000000        0x0 c:/program files (x86)/atmel/studio/7.0/toolchain/avr8/avr8-gnu-toolchain/bin/../lib/gcc/avr/5.4.0/avr5\libgcc.a(_clear_bss.o)
 .text.libgcc   0x00000000        0x0 c:/program files (x86)/atmel/studio/7.0/toolchain/avr8/avr8-gnu-toolchain/bin/../lib/gcc/avr/5.4.0/avr5\libgcc.a(_clear_bss.o)
 .text.libgcc.prologue
                0x00000000        0x0 c:/program files (x86)/atmel/studio/7.0/toolchain/avr8/avr8-gnu-toolchain/bin/../lib/gcc/avr/5.4.0/avr5\libgcc.a(_clear_bss.o)
 .text.libgcc.builtins
                0x00000000        0x0 c:/program files (x86)/atmel/studio/7.0/toolchain/avr8/avr8-gnu-toolchain/bin/../lib/gcc/avr/5.4.0/avr5\libgcc.a(_clear_bss.o)
 .text.libgcc.fmul
                0x00000000        0x0 c:/program files (x86)/atmel/studio/7.0/toolchain/avr8/avr8-gnu-toolchain/bin/../lib/gcc/avr/5.4.0/avr5\libgcc.a(_clear_bss.o)
 .text.libgcc.fixed
                0x00000000        0x0 c:/program files (x86)/atmel/studio/7.0/toolchain/avr8/avr8-gnu-toolchain/bin/../lib/gcc/avr/5.4.0/avr5\libgcc.a(_clear_bss.o)

Memory Configuration

Name             Origin             Length             Attributes
text             0x00000000         0x00008000         xr
data             0x00800060         0x00000800         rw !x
eeprom           0x00810000         0x00000400         rw !x
fuse             0x00820000         0x00000002         rw !x
lock             0x00830000         0x00000400         rw !x
signature        0x00840000         0x00000400         rw !x
user_signatures  0x00850000         0x00000400         rw !x
*default*        0x00000000         0xffffffff

Linker script and memory map

LOAD C:/Program Files (x86)/Atmel/Studio/7.0/Packs/atmel/ATmega_DFP/1.6.364/gcc/dev/atmega32a/avr5/crtatmega32a.o
LOAD APPLICATION/app.o
LOAD HAL/BUTTON/button.o
LOAD HAL/LED/led.o
LOAD main.o
LOAD MCAL/DIO/DIO.o
LOAD MCAL/INTERRUPT/interrupt.o
LOAD MCAL/TIMER/timer.o
START GROUP
LOAD c:/program files (x86)/atmel/studio/7.0/toolchain/avr8/avr8-gnu-toolchain/bin/../lib/gcc/avr/5.4.0/../../../../avr/lib/avr5\libm.a
END GROUP
START GROUP
LOAD c:/program files (x86)/atmel/studio/7.0/toolchain/avr8/avr8-gnu-toolchain/bin/../lib/gcc/avr/5.4.0/avr5\libgcc.a
LOAD c:/program files (x86)/atmel/studio/7.0/toolchain/avr8/avr8-gnu-toolchain/bin/../lib/gcc/avr/5.4.0/../../../../avr/lib/avr5\libm.a
LOAD c:/program files (x86)/atmel/studio/7.0/toolchain/avr8/avr8-gnu-toolchain/bin/../lib/gcc/avr/5.4.0/../../../../avr/lib/avr5\libc.a
LOAD C:/Program Files (x86)/Atmel/Studio/7.0/Packs/atmel/ATmega_DFP/1.6.364/gcc/dev/atmega32a/avr5\libatmega32a.a
END GROUP
                [0x00000000]                __TEXT_REGION_ORIGIN__ = DEFINED (__TEXT_REGION_ORIGIN__)?__TEXT_REGION_ORIGIN__:0x0
                [0x00800060]                __DATA_REGION_ORIGIN__ = DEFINED (__DATA_REGION_ORIGIN__)?__DATA_REGION_ORIGIN__:0x800060
                [0x00008000]                __TEXT_REGION_LENGTH__ = DEFINED (__TEXT_REGION_LENGTH__)?__TEXT_REGION_LENGTH__:0x20000
                [0x00000800]                __DATA_REGION_LENGTH__ = DEFINED (__DATA_REGION_LENGTH__)?__DATA_REGION_LENGTH__:0xffa0
                [0x00000400]                __EEPROM_REGION_LENGTH__ = DEFINED (__EEPROM_REGION_LENGTH__)?__EEPROM_REGION_LENGTH__:0x10000
                [0x00000002]                __FUSE_REGION_LENGTH__ = DEFINED (__FUSE_REGION_LENGTH__)?__FUSE_REGION_LENGTH__:0x400
                0x00000400                __LOCK_REGION_LENGTH__ = DEFINED (__LOCK_REGION_LENGTH__)?__LOCK_REGION_LENGTH__:0x400
                0x00000400                __SIGNATURE_REGION_LENGTH__ = DEFINED (__SIGNATURE_REGION_LENGTH__)?__SIGNATURE_REGION_LENGTH__:0x400
                0x00000400                __USER_SIGNATURE_REGION_LENGTH__ = DEFINED (__USER_SIGNATURE_REGION_LENGTH__)?__USER_SIGNATURE_REGION_LENGTH__:0x400

.hash
 *(.hash)

.dynsym
 *(.dynsym)

.dynstr
 *(.dynstr)

.gnu.version
 *(.gnu.version)

.gnu.version_d
 *(.gnu.version_d)

.gnu.version_r
 *(.gnu.version_r)

.rel.init
 *(.rel.init)

.rela.init
 *(.rela.init)

.rel.text
 *(.rel.text)
 *(.rel.text.*)
 *(.rel.gnu.linkonce.t*)

.rela.text
 *(.rela.text)
 *(.rela.text.*)
 *(.rela.gnu.linkonce.t*)

.rel.fini
 *(.rel.fini)

.rela.fini
 *(.rela.fini)

.rel.rodata
 *(.rel.rodata)
 *(.rel.rodata.*)
 *(.rel.gnu.linkonce.r*)

.rela.rodata
 *(.rela.rodata)
 *(.rela.rodata.*)
 *(.rela.gnu.linkonce.r*)

.rel.data
 *(.rel.data)
 *(.rel.data.*)
 *(.rel.gnu.linkonce.d*)

.rela.data
 *(.rela.data)
 *(.rela.data.*)
 *(.rela.gnu.linkonce.d*)

.rel.ctors
 *(.rel.ctors)

.rela.ctors
 *(.rela.ctors)

.rel.dtors
 *(.rel.dtors)

.rela.dtors
 *(.rela.dtors)

.rel.got
 *(.rel.got)

.rela.got
 *(.rela.got)

.rel.bss
 *(.rel.bss)

.rela.bss
 *(.rela.bss)

.rel.plt
 *(.rel.plt)

.rela.plt
 *(.rela.plt)

.text           0x00000000      0x574
 *(.vectors)
 .vectors       0x00000000       0x54 C:/Program Files (x86)/Atmel/Studio/7.0/Packs/atmel/ATmega_DFP/1.6.364/gcc/dev/atmega32a/avr5/crtatmega32a.o
                0x00000000                __vector_default
                0x00000000                __vectors
 *(.vectors)
 *(.progmem.gcc*)
                0x00000054                . = ALIGN (0x2)
                0x00000054                __trampolines_start = .
 *(.trampolines)
 .trampolines   0x00000054        0x0 linker stubs
 *(.trampolines*)
                0x00000054                __trampolines_end = .
 *libprintf_flt.a:*(.progmem.data)
 *libc.a:*(.progmem.data)
 *(.progmem*)
                0x00000054                . = ALIGN (0x2)
 *(.jumptables)
 *(.jumptables*)
 *(.lowtext)
 *(.lowtext*)
                0x00000054                __ctors_start = .
 *(.ctors)
                0x00000054                __ctors_end = .
                0x00000054                __dtors_start = .
 *(.dtors)
                0x00000054                __dtors_end = .
 SORT(*)(.ctors)
 SORT(*)(.dtors)
 *(.init0)
 .init0         0x00000054        0x0 C:/Program Files (x86)/Atmel/Studio/7.0/Packs/atmel/ATmega_DFP/1.6.364/gcc/dev/atmega32a/avr5/crtatmega32a.o
                0x00000054                __init
 *(.init0)
 *(.init1)
 *(.init1)
 *(.init2)
 .init2         0x00000054        0xc C:/Program Files (x86)/Atmel/Studio/7.0/Packs/atmel/ATmega_DFP/1.6.364/gcc/dev/atmega32a/avr5/crtatmega32a.o
 *(.init2)
 *(.init3)
 *(.init3)
 *(.init4)
 .init4         0x00000060       0x10 c:/program files (x86)/atmel/studio/7.0/toolchain/avr8/avr8-gnu-toolchain/bin/../lib/gcc/avr/5.4.0/avr5\libgcc.a(_clear_bss.o)
                0x00000060                __do_clear_bss
 *(.init4)
 *(.init5)
 *(.init5)
 *(.init6)
 *(.init6)
 *(.init7)
 *(.init7)
 *(.init8)
 *(.init8)
 *(.init9)
 .init9         0x00000070        0x8 C:/Program Files (x86)/Atmel/Studio/7.0/Packs/atmel/ATmega_DFP/1.6.364/gcc/dev/atmega32a/avr5/crtatmega32a.o
 *(.init9)
 *(.text)
 .text          0x00000078        0x4 C:/Program Files (x86)/Atmel/Studio/7.0/Packs/atmel/ATmega_DFP/1.6.364/gcc/dev/atmega32a/avr5/crtatmega32a.o
                0x00000078                __vector_12
                0x00000078                __bad_interrupt
                0x00000078                __vector_6
                0x00000078                __vector_3
                0x00000078                __vector_11
                0x00000078                __vector_13
                0x00000078                __vector_17
                0x00000078                __vector_19
                0x00000078                __vector_7
                0x00000078                __vector_5
                0x00000078                __vector_4
                0x00000078                __vector_9
                0x00000078                __vector_2
                0x00000078                __vector_15
                0x00000078                __vector_8
                0x00000078                __vector_14
                0x00000078                __vector_10
                0x00000078                __vector_16
                0x00000078                __vector_18
                0x00000078                __vector_20
                0x0000007c                . = ALIGN (0x2)
 *(.text.*)
 .text.app_start
                0x0000007c       0xb0 APPLICATION/app.o
                0x0000007c                app_start
 .text.__vector_1
                0x0000012c       0x84 APPLICATION/app.o
                0x0000012c                __vector_1
 .text.BUTTON_INIT
                0x000001b0        0x8 HAL/BUTTON/button.o
                0x000001b0                BUTTON_INIT
 .text.LED_INIT
                0x000001b8        0x8 HAL/LED/led.o
                0x000001b8                LED_INIT
 .text.LED_ON   0x000001c0        0xa HAL/LED/led.o
                0x000001c0                LED_ON
 .text.LED_OFF  0x000001ca        0xa HAL/LED/led.o
                0x000001ca                LED_OFF
 .text.Get_LED_statue
                0x000001d4        0x6 HAL/LED/led.o
                0x000001d4                Get_LED_statue
 .text.TOGG_LED
                0x000001da        0x6 HAL/LED/led.o
                0x000001da                TOGG_LED
 .text.case_GREEN_yellow_Traffic
                0x000001e0       0x5a HAL/LED/led.o
                0x000001e0                case_GREEN_yellow_Traffic
 .text.case_Red_Traffic
                0x0000023a       0x52 HAL/LED/led.o
                0x0000023a                case_Red_Traffic
 .text.main     0x0000028c        0x6 main.o
                0x0000028c                main
 .text.DIO_init
                0x00000292       0xda MCAL/DIO/DIO.o
                0x00000292                DIO_init
 .text.DIO_SetPinValue
                0x0000036c       0xde MCAL/DIO/DIO.o
                0x0000036c                DIO_SetPinValue
 .text.DIO_GetPinValue
                0x0000044a       0x5a MCAL/DIO/DIO.o
                0x0000044a                DIO_GetPinValue
 .text.DIO_TogglePinValue
                0x000004a4       0x68 MCAL/DIO/DIO.o
                0x000004a4                DIO_TogglePinValue
 .text.General_Int_Enable
                0x0000050c        0x8 MCAL/INTERRUPT/interrupt.o
                0x0000050c                General_Int_Enable
 .text.ExINT_SetUp
                0x00000514       0x18 MCAL/INTERRUPT/interrupt.o
                0x00000514                ExINT_SetUp
 .text.Timer0_INIT
                0x0000052c        0xe MCAL/TIMER/timer.o
                0x0000052c                Timer0_INIT
 .text.Timer0_Prescalar
                0x0000053a       0x14 MCAL/TIMER/timer.o
                0x0000053a                Timer0_Prescalar
 .text.TIMER0_DELAY
                0x0000054e       0x22 MCAL/TIMER/timer.o
                0x0000054e                TIMER0_DELAY
                0x00000570                . = ALIGN (0x2)
 *(.fini9)
 .fini9         0x00000570        0x0 c:/program files (x86)/atmel/studio/7.0/toolchain/avr8/avr8-gnu-toolchain/bin/../lib/gcc/avr/5.4.0/avr5\libgcc.a(_exit.o)
                0x00000570                _exit
                0x00000570                exit
 *(.fini9)
 *(.fini8)
 *(.fini8)
 *(.fini7)
 *(.fini7)
 *(.fini6)
 *(.fini6)
 *(.fini5)
 *(.fini5)
 *(.fini4)
 *(.fini4)
 *(.fini3)
 *(.fini3)
 *(.fini2)
 *(.fini2)
 *(.fini1)
 *(.fini1)
 *(.fini0)
 .fini0         0x00000570        0x4 c:/program files (x86)/atmel/studio/7.0/toolchain/avr8/avr8-gnu-toolchain/bin/../lib/gcc/avr/5.4.0/avr5\libgcc.a(_exit.o)
 *(.fini0)
                0x00000574                _etext = .

.data           0x00800060        0x0 load address 0x00000574
                [!provide]                PROVIDE (__data_start, .)
 *(.data)
 *(.data*)
 *(.gnu.linkonce.d*)
 *(.rodata)
 *(.rodata*)
 *(.gnu.linkonce.r*)
                0x00800060                . = ALIGN (0x2)
                0x00800060                _edata = .
                [!provide]                PROVIDE (__data_end, .)

.bss            0x00800060        0x1
                0x00800060                PROVIDE (__bss_start, .)
 *(.bss)
 *(.bss*)
 .bss.LED_case  0x00800060        0x1 APPLICATION/app.o
                0x00800060                LED_case
 *(COMMON)
                0x00800061                PROVIDE (__bss_end, .)
                0x00000574                __data_load_start = LOADADDR (.data)
                0x00000574                __data_load_end = (__data_load_start + SIZEOF (.data))

.noinit         0x00800061        0x0
                [!provide]                PROVIDE (__noinit_start, .)
 *(.noinit*)
                [!provide]                PROVIDE (__noinit_end, .)
                0x00800061                _end = .
                [!provide]                PROVIDE (__heap_start, .)

.eeprom         0x00810000        0x0
 *(.eeprom*)
                0x00810000                __eeprom_end = .

.fuse
 *(.fuse)
 *(.lfuse)
 *(.hfuse)
 *(.efuse)

.lock
 *(.lock*)

.signature
 *(.signature*)

.user_signatures
 *(.user_signatures*)

.stab
 *(.stab)

.stabstr
 *(.stabstr)

.stab.excl
 *(.stab.excl)

.stab.exclstr
 *(.stab.exclstr)

.stab.index
 *(.stab.index)

.stab.indexstr
 *(.stab.indexstr)

.comment        0x00000000       0x30
 *(.comment)
 .comment       0x00000000       0x30 APPLICATION/app.o
                                 0x31 (size before relaxing)
 .comment       0x00000030       0x31 HAL/BUTTON/button.o
 .comment       0x00000030       0x31 HAL/LED/led.o
 .comment       0x00000030       0x31 main.o
 .comment       0x00000030       0x31 MCAL/DIO/DIO.o
 .comment       0x00000030       0x31 MCAL/INTERRUPT/interrupt.o
 .comment       0x00000030       0x31 MCAL/TIMER/timer.o

.note.gnu.avr.deviceinfo
                0x00000000       0x3c
 .note.gnu.avr.deviceinfo
                0x00000000       0x3c C:/Program Files (x86)/Atmel/Studio/7.0/Packs/atmel/ATmega_DFP/1.6.364/gcc/dev/atmega32a/avr5/crtatmega32a.o

.note.gnu.build-id
 *(.note.gnu.build-id)

.debug
 *(.debug)

.line
 *(.line)

.debug_srcinfo
 *(.debug_srcinfo)

.debug_sfnames
 *(.debug_sfnames)

.debug_aranges  0x00000000      0x178
 *(.debug_aranges)
 .debug_aranges
                0x00000000       0x28 APPLICATION/app.o
 .debug_aranges
                0x00000028       0x28 HAL/BUTTON/button.o
 .debug_aranges
                0x00000050       0x58 HAL/LED/led.o
 .debug_aranges
                0x000000a8       0x20 main.o
 .debug_aranges
                0x000000c8       0x38 MCAL/DIO/DIO.o
 .debug_aranges
                0x00000100       0x38 MCAL/INTERRUPT/interrupt.o
 .debug_aranges
                0x00000138       0x40 MCAL/TIMER/timer.o

.debug_pubnames
 *(.debug_pubnames)

.debug_info     0x00000000     0x14da
 *(.debug_info .gnu.linkonce.wi.*)
 .debug_info    0x00000000      0x4e6 C:/Program Files (x86)/Atmel/Studio/7.0/Packs/atmel/ATmega_DFP/1.6.364/gcc/dev/atmega32a/avr5/crtatmega32a.o
 .debug_info    0x000004e6      0x3bf APPLICATION/app.o
 .debug_info    0x000008a5      0x167 HAL/BUTTON/button.o
 .debug_info    0x00000a0c      0x5e7 HAL/LED/led.o
 .debug_info    0x00000ff3       0xb4 main.o
 .debug_info    0x000010a7      0x231 MCAL/DIO/DIO.o
 .debug_info    0x000012d8       0xe7 MCAL/INTERRUPT/interrupt.o
 .debug_info    0x000013bf      0x11b MCAL/TIMER/timer.o

.debug_abbrev   0x00000000      0x96f
 *(.debug_abbrev)
 .debug_abbrev  0x00000000      0x4a3 C:/Program Files (x86)/Atmel/Studio/7.0/Packs/atmel/ATmega_DFP/1.6.364/gcc/dev/atmega32a/avr5/crtatmega32a.o
 .debug_abbrev  0x000004a3       0xe0 APPLICATION/app.o
 .debug_abbrev  0x00000583       0xbf HAL/BUTTON/button.o
 .debug_abbrev  0x00000642      0x107 HAL/LED/led.o
 .debug_abbrev  0x00000749       0x68 main.o
 .debug_abbrev  0x000007b1       0xbb MCAL/DIO/DIO.o
 .debug_abbrev  0x0000086c       0x6f MCAL/INTERRUPT/interrupt.o
 .debug_abbrev  0x000008db       0x94 MCAL/TIMER/timer.o

.debug_line     0x00000000      0xac0
 *(.debug_line .debug_line.* .debug_line_end)
 .debug_line    0x00000000      0x116 C:/Program Files (x86)/Atmel/Studio/7.0/Packs/atmel/ATmega_DFP/1.6.364/gcc/dev/atmega32a/avr5/crtatmega32a.o
 .debug_line    0x00000116      0x267 APPLICATION/app.o
 .debug_line    0x0000037d       0xee HAL/BUTTON/button.o
 .debug_line    0x0000046b      0x218 HAL/LED/led.o
 .debug_line    0x00000683       0x5d main.o
 .debug_line    0x000006e0      0x1d4 MCAL/DIO/DIO.o
 .debug_line    0x000008b4       0xcc MCAL/INTERRUPT/interrupt.o
 .debug_line    0x00000980      0x140 MCAL/TIMER/timer.o

.debug_frame    0x00000000      0x274
 *(.debug_frame)
 .debug_frame   0x00000000       0x7c APPLICATION/app.o
 .debug_frame   0x0000007c       0x34 HAL/BUTTON/button.o
 .debug_frame   0x000000b0       0x94 HAL/LED/led.o
 .debug_frame   0x00000144       0x24 main.o
 .debug_frame   0x00000168       0x54 MCAL/DIO/DIO.o
 .debug_frame   0x000001bc       0x54 MCAL/INTERRUPT/interrupt.o
 .debug_frame   0x00000210       0x64 MCAL/TIMER/timer.o

.debug_str      0x00000000      0x594
 *(.debug_str)
 .debug_str     0x00000000      0x196 C:/Program Files (x86)/Atmel/Studio/7.0/Packs/atmel/ATmega_DFP/1.6.364/gcc/dev/atmega32a/avr5/crtatmega32a.o
 .debug_str     0x00000196      0x283 APPLICATION/app.o
                                0x2b7 (size before relaxing)
 .debug_str     0x00000419       0x5d HAL/BUTTON/button.o
                                0x1f1 (size before relaxing)
 .debug_str     0x00000476       0x4e HAL/LED/led.o
                                0x2b0 (size before relaxing)
 .debug_str     0x000004c4       0x11 main.o
                                0x19b (size before relaxing)
 .debug_str     0x000004d5       0x42 MCAL/DIO/DIO.o
                                0x25b (size before relaxing)
 .debug_str     0x00000517       0x45 MCAL/INTERRUPT/interrupt.o
                                0x1df (size before relaxing)
 .debug_str     0x0000055c       0x38 MCAL/TIMER/timer.o
                                0x1dd (size before relaxing)

.debug_loc      0x00000000      0x592
 *(.debug_loc)
 .debug_loc     0x00000000       0xcb APPLICATION/app.o
 .debug_loc     0x000000cb       0x84 HAL/BUTTON/button.o
 .debug_loc     0x0000014f      0x14a HAL/LED/led.o
 .debug_loc     0x00000299      0x278 MCAL/DIO/DIO.o
 .debug_loc     0x00000511       0x21 MCAL/INTERRUPT/interrupt.o
 .debug_loc     0x00000532       0x60 MCAL/TIMER/timer.o

.debug_macinfo
 *(.debug_macinfo)

.debug_weaknames
 *(.debug_weaknames)

.debug_funcnames
 *(.debug_funcnames)

.debug_typenames
 *(.debug_typenames)

.debug_varnames
 *(.debug_varnames)

.debug_pubtypes
 *(.debug_pubtypes)

.debug_ranges   0x00000000      0x108
 *(.debug_ranges)
 .debug_ranges  0x00000000       0x18 APPLICATION/app.o
 .debug_ranges  0x00000018       0x18 HAL/BUTTON/button.o
 .debug_ranges  0x00000030       0x48 HAL/LED/led.o
 .debug_ranges  0x00000078       0x10 main.o
 .debug_ranges  0x00000088       0x28 MCAL/DIO/DIO.o
 .debug_ranges  0x000000b0       0x28 MCAL/INTERRUPT/interrupt.o
 .debug_ranges  0x000000d8       0x30 MCAL/TIMER/timer.o

.debug_macro
 *(.debug_macro)
OUTPUT(traffic lights.elf elf32-avr)
LOAD linker stubs
